%Warning-WIDTHEXPAND: /mnt/c/SystemVerilog/Waveform_Generator/00_src/I2C_MASTER.sv:77:32: Operator EQ expects 32 bits on the LHS, but LHS's VARREF 'r_div_cnt' generates 7 bits.
                                                                                        : ... note: In instance 'I2C_MASTER'
   77 |         end else if (r_div_cnt == CLK_DIV-1) begin      
      |                                ^~
                      ... For warning description see https://verilator.org/warn/WIDTHEXPAND?v=5.020
                      ... Use "/* verilator lint_off WIDTHEXPAND */" and lint_on around source to disable this message.
%Warning-WIDTHEXPAND: /mnt/c/SystemVerilog/Waveform_Generator/00_src/I2C_MASTER.sv:85:37: Operator EQ expects 32 bits on the LHS, but LHS's VARREF 'r_div_cnt' generates 7 bits.
                                                                                        : ... note: In instance 'I2C_MASTER'
   85 |     assign w_tick_en   = (r_div_cnt == CLK_DIV-1);
      |                                     ^~
make[1]: Entering directory '/mnt/c/SystemVerilog/Waveform_Generator/02_sim/build/I2C_MASTER'
/usr/bin/python3 /usr/share/verilator/bin/verilator_includer -DVL_INCLUDE_OPT=include VI2C_MASTER.cpp VI2C_MASTER___024root__DepSet_h685c129a__0.cpp VI2C_MASTER___024root__DepSet_hc45bc843__0.cpp VI2C_MASTER___024root__Slow.cpp VI2C_MASTER___024root__DepSet_h685c129a__0__Slow.cpp VI2C_MASTER___024root__DepSet_hc45bc843__0__Slow.cpp VI2C_MASTER__Syms.cpp > VI2C_MASTER__ALL.cpp
g++ -Os  -I.  -MMD -I/usr/share/verilator/include -I/usr/share/verilator/include/vltstd -DVM_COVERAGE=0 -DVM_SC=0 -DVM_TRACE=0 -DVM_TRACE_FST=0 -DVM_TRACE_VCD=0 -faligned-new -fcf-protection=none -Wno-bool-operation -Wno-overloaded-virtual -Wno-shadow -Wno-sign-compare -Wno-uninitialized -Wno-unused-but-set-parameter -Wno-unused-but-set-variable -Wno-unused-parameter -Wno-unused-variable       -c -o VI2C_MASTER__ALL.o VI2C_MASTER__ALL.cpp
echo "" > libVI2C_MASTER.verilator_deplist.tmp
Archive ar -rcs libVI2C_MASTER.a VI2C_MASTER__ALL.o
g++ -Os  -I.  -MMD -I/usr/share/verilator/include -I/usr/share/verilator/include/vltstd -DVM_COVERAGE=0 -DVM_SC=0 -DVM_TRACE=0 -DVM_TRACE_FST=0 -DVM_TRACE_VCD=0 -faligned-new -fcf-protection=none -Wno-bool-operation -Wno-overloaded-virtual -Wno-shadow -Wno-sign-compare -Wno-uninitialized -Wno-unused-but-set-parameter -Wno-unused-but-set-variable -Wno-unused-parameter -Wno-unused-variable       -c -o verilated.o /usr/share/verilator/include/verilated.cpp
g++ -Os  -I.  -MMD -I/usr/share/verilator/include -I/usr/share/verilator/include/vltstd -DVM_COVERAGE=0 -DVM_SC=0 -DVM_TRACE=0 -DVM_TRACE_FST=0 -DVM_TRACE_VCD=0 -faligned-new -fcf-protection=none -Wno-bool-operation -Wno-overloaded-virtual -Wno-shadow -Wno-sign-compare -Wno-uninitialized -Wno-unused-but-set-parameter -Wno-unused-but-set-variable -Wno-unused-parameter -Wno-unused-variable       -c -o verilated_threads.o /usr/share/verilator/include/verilated_threads.cpp
echo "" > libverilated.verilator_deplist.tmp
Archive ar -rcs libverilated.a verilated.o verilated_threads.o
echo "" > VI2C_MASTER__ALL.verilator_deplist.tmp
Archive ar -rcs VI2C_MASTER__ALL.a VI2C_MASTER__ALL.o
rm libVI2C_MASTER.verilator_deplist.tmp libverilated.verilator_deplist.tmp VI2C_MASTER__ALL.verilator_deplist.tmp
make[1]: Leaving directory '/mnt/c/SystemVerilog/Waveform_Generator/02_sim/build/I2C_MASTER'
