------------------------------------------------------------
Timing Analyzer Summary
------------------------------------------------------------

Type  : Slow 1100mV 85C Model Setup 'CLOCK_TOP'
Slack : 11.988
TNS   : 0.000

Type  : Slow 1100mV 85C Model Hold 'CLOCK_TOP'
Slack : 0.294
TNS   : 0.000

Type  : Slow 1100mV 85C Model Minimum Pulse Width 'CLOCK_TOP'
Slack : 8.420
TNS   : 0.000

Type  : Slow 1100mV 0C Model Setup 'CLOCK_TOP'
Slack : 12.046
TNS   : 0.000

Type  : Slow 1100mV 0C Model Hold 'CLOCK_TOP'
Slack : 0.208
TNS   : 0.000

Type  : Slow 1100mV 0C Model Minimum Pulse Width 'CLOCK_TOP'
Slack : 8.351
TNS   : 0.000

Type  : Fast 1100mV 85C Model Setup 'CLOCK_TOP'
Slack : 16.253
TNS   : 0.000

Type  : Fast 1100mV 85C Model Hold 'CLOCK_TOP'
Slack : 0.131
TNS   : 0.000

Type  : Fast 1100mV 85C Model Minimum Pulse Width 'CLOCK_TOP'
Slack : 8.839
TNS   : 0.000

Type  : Fast 1100mV 0C Model Setup 'CLOCK_TOP'
Slack : 16.654
TNS   : 0.000

Type  : Fast 1100mV 0C Model Hold 'CLOCK_TOP'
Slack : 0.066
TNS   : 0.000

Type  : Fast 1100mV 0C Model Minimum Pulse Width 'CLOCK_TOP'
Slack : 8.826
TNS   : 0.000

------------------------------------------------------------
