Analysis & Synthesis report for WAVE_GEN_TOP
Thu Sep  3 11:13:20 2026
Quartus Prime Version 25.1std.0 Build 1129 10/21/2025 SC Lite Edition


---------------------
; Table of Contents ;
---------------------
  1. Legal Notice
  2. Analysis & Synthesis Summary
  3. Analysis & Synthesis Settings
  4. Parallel Compilation
  5. Analysis & Synthesis Source Files Read
  6. Analysis & Synthesis Resource Usage Summary
  7. Analysis & Synthesis Resource Utilization by Entity
  8. Analysis & Synthesis RAM Summary
  9. Analysis & Synthesis DSP Block Usage Summary
 10. State Machine - |WAVE_GEN_TOP|INPUT_CONTROL:u_input_control|r_current_state
 11. Registers Removed During Synthesis
 12. Removed Registers Triggering Further Register Optimizations
 13. General Register Statistics
 14. Inverted Register Statistics
 15. Registers Packed Into Inferred Megafunctions
 16. Multiplexer Restructuring Statistics (Restructuring Performed)
 17. Source assignments for WAVE_GEN:u_wave_gen|SINE_GENERATOR:u_sine_gen|SINE_LUT:u_sine_lut|altsyncram:r_sine_sample_rtl_0|altsyncram_5vd1:auto_generated
 18. Parameter Settings for User Entity Instance: WAVE_GEN:u_wave_gen|PHASE_ACCUMULATOR:u_phase_accumulator
 19. Parameter Settings for Inferred Entity Instance: WAVE_GEN:u_wave_gen|SINE_GENERATOR:u_sine_gen|SINE_LUT:u_sine_lut|altsyncram:r_sine_sample_rtl_0
 20. altsyncram Parameter Settings by Entity Instance
 21. Port Connectivity Checks: "WAVE_GEN:u_wave_gen|PRBS_GENERATOR:u_prbs_gen"
 22. Post-Synthesis Netlist Statistics for Top Partition
 23. Elapsed Time Per Partition
 24. Analysis & Synthesis Messages



----------------
; Legal Notice ;
----------------
Copyright (C) 2025  Altera Corporation. All rights reserved.
Your use of Altera Corporation's design tools, logic functions 
and other software and tools, and any partner logic 
functions, and any output files from any of the foregoing 
(including device programming or simulation files), and any 
associated documentation or information are expressly subject 
to the terms and conditions of the Altera Program License 
Subscription Agreement, the Altera Quartus Prime License Agreement,
the Altera IP License Agreement, or other applicable license
agreement, including, without limitation, that your use is for
the sole purpose of programming logic devices manufactured by
Altera and sold by Altera or its authorized distributors.  Please
refer to the Altera Software License Subscription Agreements 
on the Quartus Prime software download page.



+-----------------------------------------------------------------------------------+
; Analysis & Synthesis Summary                                                      ;
+---------------------------------+-------------------------------------------------+
; Analysis & Synthesis Status     ; Successful - Thu Sep  3 11:13:20 2026           ;
; Quartus Prime Version           ; 25.1std.0 Build 1129 10/21/2025 SC Lite Edition ;
; Revision Name                   ; WAVE_GEN_TOP                                    ;
; Top-level Entity Name           ; WAVE_GEN_TOP                                    ;
; Family                          ; Cyclone V                                       ;
; Logic utilization (in ALMs)     ; N/A                                             ;
; Total registers                 ; 279                                             ;
; Total pins                      ; 36                                              ;
; Total virtual pins              ; 0                                               ;
; Total block memory bits         ; 98,304                                          ;
; Total DSP Blocks                ; 1                                               ;
; Total HSSI RX PCSs              ; 0                                               ;
; Total HSSI PMA RX Deserializers ; 0                                               ;
; Total HSSI TX PCSs              ; 0                                               ;
; Total HSSI PMA TX Serializers   ; 0                                               ;
; Total PLLs                      ; 0                                               ;
; Total DLLs                      ; 0                                               ;
+---------------------------------+-------------------------------------------------+


+---------------------------------------------------------------------------------------------------------------------------+
; Analysis & Synthesis Settings                                                                                             ;
+---------------------------------------------------------------------------------+--------------------+--------------------+
; Option                                                                          ; Setting            ; Default Value      ;
+---------------------------------------------------------------------------------+--------------------+--------------------+
; Device                                                                          ; 5CGXFC7C7F23C8     ;                    ;
; Top-level entity name                                                           ; WAVE_GEN_TOP       ; WAVE_GEN_TOP       ;
; Family name                                                                     ; Cyclone V          ; Cyclone V          ;
; Use smart compilation                                                           ; Off                ; Off                ;
; Enable parallel Assembler and Timing Analyzer during compilation                ; On                 ; On                 ;
; Enable compact report table                                                     ; Off                ; Off                ;
; Restructure Multiplexers                                                        ; Auto               ; Auto               ;
; MLAB Add Timing Constraints For Mixed-Port Feed-Through Mode Setting Don't Care ; Off                ; Off                ;
; Create Debugging Nodes for IP Cores                                             ; Off                ; Off                ;
; Preserve fewer node names                                                       ; On                 ; On                 ;
; Intel FPGA IP Evaluation Mode                                                   ; Enable             ; Enable             ;
; Verilog Version                                                                 ; Verilog_2001       ; Verilog_2001       ;
; VHDL Version                                                                    ; VHDL_1993          ; VHDL_1993          ;
; State Machine Processing                                                        ; Auto               ; Auto               ;
; Safe State Machine                                                              ; Off                ; Off                ;
; Extract Verilog State Machines                                                  ; On                 ; On                 ;
; Extract VHDL State Machines                                                     ; On                 ; On                 ;
; Ignore Verilog initial constructs                                               ; Off                ; Off                ;
; Iteration limit for constant Verilog loops                                      ; 5000               ; 5000               ;
; Iteration limit for non-constant Verilog loops                                  ; 250                ; 250                ;
; Add Pass-Through Logic to Inferred RAMs                                         ; On                 ; On                 ;
; Infer RAMs from Raw Logic                                                       ; On                 ; On                 ;
; Parallel Synthesis                                                              ; On                 ; On                 ;
; DSP Block Balancing                                                             ; Auto               ; Auto               ;
; NOT Gate Push-Back                                                              ; On                 ; On                 ;
; Power-Up Don't Care                                                             ; On                 ; On                 ;
; Remove Redundant Logic Cells                                                    ; Off                ; Off                ;
; Remove Duplicate Registers                                                      ; On                 ; On                 ;
; Ignore CARRY Buffers                                                            ; Off                ; Off                ;
; Ignore CASCADE Buffers                                                          ; Off                ; Off                ;
; Ignore GLOBAL Buffers                                                           ; Off                ; Off                ;
; Ignore ROW GLOBAL Buffers                                                       ; Off                ; Off                ;
; Ignore LCELL Buffers                                                            ; Off                ; Off                ;
; Ignore SOFT Buffers                                                             ; On                 ; On                 ;
; Limit AHDL Integers to 32 Bits                                                  ; Off                ; Off                ;
; Optimization Technique                                                          ; Balanced           ; Balanced           ;
; Carry Chain Length                                                              ; 70                 ; 70                 ;
; Auto Carry Chains                                                               ; On                 ; On                 ;
; Auto Open-Drain Pins                                                            ; On                 ; On                 ;
; Perform WYSIWYG Primitive Resynthesis                                           ; Off                ; Off                ;
; Auto ROM Replacement                                                            ; On                 ; On                 ;
; Auto RAM Replacement                                                            ; On                 ; On                 ;
; Auto DSP Block Replacement                                                      ; On                 ; On                 ;
; Auto Shift Register Replacement                                                 ; Auto               ; Auto               ;
; Allow Shift Register Merging across Hierarchies                                 ; Auto               ; Auto               ;
; Auto Clock Enable Replacement                                                   ; On                 ; On                 ;
; Strict RAM Replacement                                                          ; Off                ; Off                ;
; Allow Synchronous Control Signals                                               ; On                 ; On                 ;
; Force Use of Synchronous Clear Signals                                          ; Off                ; Off                ;
; Auto Resource Sharing                                                           ; Off                ; Off                ;
; Allow Any RAM Size For Recognition                                              ; Off                ; Off                ;
; Allow Any ROM Size For Recognition                                              ; Off                ; Off                ;
; Allow Any Shift Register Size For Recognition                                   ; Off                ; Off                ;
; Use LogicLock Constraints during Resource Balancing                             ; On                 ; On                 ;
; Ignore translate_off and synthesis_off directives                               ; Off                ; Off                ;
; Timing-Driven Synthesis                                                         ; On                 ; On                 ;
; Report Parameter Settings                                                       ; On                 ; On                 ;
; Report Source Assignments                                                       ; On                 ; On                 ;
; Report Connectivity Checks                                                      ; On                 ; On                 ;
; Ignore Maximum Fan-Out Assignments                                              ; Off                ; Off                ;
; Synchronization Register Chain Length                                           ; 3                  ; 3                  ;
; Power Optimization During Synthesis                                             ; Normal compilation ; Normal compilation ;
; HDL message level                                                               ; Level2             ; Level2             ;
; Suppress Register Optimization Related Messages                                 ; Off                ; Off                ;
; Number of Removed Registers Reported in Synthesis Report                        ; 5000               ; 5000               ;
; Number of Swept Nodes Reported in Synthesis Report                              ; 5000               ; 5000               ;
; Number of Inverted Registers Reported in Synthesis Report                       ; 100                ; 100                ;
; Clock MUX Protection                                                            ; On                 ; On                 ;
; Auto Gated Clock Conversion                                                     ; Off                ; Off                ;
; Block Design Naming                                                             ; Auto               ; Auto               ;
; SDC constraint protection                                                       ; Off                ; Off                ;
; Synthesis Effort                                                                ; Auto               ; Auto               ;
; Shift Register Replacement - Allow Asynchronous Clear Signal                    ; On                 ; On                 ;
; Pre-Mapping Resynthesis Optimization                                            ; Off                ; Off                ;
; Analysis & Synthesis Message Level                                              ; Medium             ; Medium             ;
; Disable Register Merging Across Hierarchies                                     ; Auto               ; Auto               ;
; Resource Aware Inference For Block RAM                                          ; On                 ; On                 ;
; Automatic Parallel Synthesis                                                    ; On                 ; On                 ;
; Partial Reconfiguration Bitstream ID                                            ; Off                ; Off                ;
+---------------------------------------------------------------------------------+--------------------+--------------------+


+------------------------------------------+
; Parallel Compilation                     ;
+----------------------------+-------------+
; Processors                 ; Number      ;
+----------------------------+-------------+
; Number detected on machine ; 20          ;
; Maximum allowed            ; 14          ;
;                            ;             ;
; Average used               ; 1.00        ;
; Maximum used               ; 14          ;
;                            ;             ;
; Usage by Processor         ; % Time Used ;
;     Processor 1            ; 100.0%      ;
;     Processors 2-14        ;   0.0%      ;
+----------------------------+-------------+


+----------------------------------------------------------------------------------------------------------------------------------------------------------------------------------------------------------------------------------------+
; Analysis & Synthesis Source Files Read                                                                                                                                                                                                 ;
+-------------------------------------------------------+-----------------+-------------------------------------------------------+--------------------------------------------------------------------------------------------+---------+
; File Name with User-Entered Path                      ; Used in Netlist ; File Type                                             ; File Name with Absolute Path                                                               ; Library ;
+-------------------------------------------------------+-----------------+-------------------------------------------------------+--------------------------------------------------------------------------------------------+---------+
; ../00_src/WAVE_GEN_TOP.sv                             ; yes             ; User SystemVerilog HDL File                           ; C:/SystemVerilog/Waveform_Generator/00_src/WAVE_GEN_TOP.sv                                 ;         ;
; ../00_src/WAVE_GEN.sv                                 ; yes             ; User SystemVerilog HDL File                           ; C:/SystemVerilog/Waveform_Generator/00_src/WAVE_GEN.sv                                     ;         ;
; ../00_src/TRIANGLE_GENERATOR.sv                       ; yes             ; User SystemVerilog HDL File                           ; C:/SystemVerilog/Waveform_Generator/00_src/TRIANGLE_GENERATOR.sv                           ;         ;
; ../00_src/SQUARE_GENERATOR.sv                         ; yes             ; User SystemVerilog HDL File                           ; C:/SystemVerilog/Waveform_Generator/00_src/SQUARE_GENERATOR.sv                             ;         ;
; ../00_src/SINE_PHASE_MAPPER.sv                        ; yes             ; User SystemVerilog HDL File                           ; C:/SystemVerilog/Waveform_Generator/00_src/SINE_PHASE_MAPPER.sv                            ;         ;
; ../00_src/SINE_LUT.sv                                 ; yes             ; User SystemVerilog HDL File                           ; C:/SystemVerilog/Waveform_Generator/00_src/SINE_LUT.sv                                     ;         ;
; ../00_src/SINE_GENERATOR.sv                           ; yes             ; User SystemVerilog HDL File                           ; C:/SystemVerilog/Waveform_Generator/00_src/SINE_GENERATOR.sv                               ;         ;
; ../00_src/SAW_TOOTH_GENERATOR.sv                      ; yes             ; User SystemVerilog HDL File                           ; C:/SystemVerilog/Waveform_Generator/00_src/SAW_TOOTH_GENERATOR.sv                          ;         ;
; ../00_src/PRBS_GENERATOR.sv                           ; yes             ; User SystemVerilog HDL File                           ; C:/SystemVerilog/Waveform_Generator/00_src/PRBS_GENERATOR.sv                               ;         ;
; ../00_src/PHASE_ACCUMULATOR.sv                        ; yes             ; User SystemVerilog HDL File                           ; C:/SystemVerilog/Waveform_Generator/00_src/PHASE_ACCUMULATOR.sv                            ;         ;
; ../00_src/INPUT_CONTROL.sv                            ; yes             ; User SystemVerilog HDL File                           ; C:/SystemVerilog/Waveform_Generator/00_src/INPUT_CONTROL.sv                                ;         ;
; ../00_src/FALLING_EDGE_DETECTOR.sv                    ; yes             ; User SystemVerilog HDL File                           ; C:/SystemVerilog/Waveform_Generator/00_src/FALLING_EDGE_DETECTOR.sv                        ;         ;
; /systemverilog/waveform_generator/00_src/sine_lut.mem ; yes             ; Auto-Found Unspecified File                           ; /systemverilog/waveform_generator/00_src/sine_lut.mem                                      ;         ;
; altsyncram.tdf                                        ; yes             ; Megafunction                                          ; c:/altera_lite/25.1std/quartus/libraries/megafunctions/altsyncram.tdf                      ;         ;
; stratix_ram_block.inc                                 ; yes             ; Megafunction                                          ; c:/altera_lite/25.1std/quartus/libraries/megafunctions/stratix_ram_block.inc               ;         ;
; lpm_mux.inc                                           ; yes             ; Megafunction                                          ; c:/altera_lite/25.1std/quartus/libraries/megafunctions/lpm_mux.inc                         ;         ;
; lpm_decode.inc                                        ; yes             ; Megafunction                                          ; c:/altera_lite/25.1std/quartus/libraries/megafunctions/lpm_decode.inc                      ;         ;
; aglobal251.inc                                        ; yes             ; Megafunction                                          ; c:/altera_lite/25.1std/quartus/libraries/megafunctions/aglobal251.inc                      ;         ;
; a_rdenreg.inc                                         ; yes             ; Megafunction                                          ; c:/altera_lite/25.1std/quartus/libraries/megafunctions/a_rdenreg.inc                       ;         ;
; altrom.inc                                            ; yes             ; Megafunction                                          ; c:/altera_lite/25.1std/quartus/libraries/megafunctions/altrom.inc                          ;         ;
; altram.inc                                            ; yes             ; Megafunction                                          ; c:/altera_lite/25.1std/quartus/libraries/megafunctions/altram.inc                          ;         ;
; altdpram.inc                                          ; yes             ; Megafunction                                          ; c:/altera_lite/25.1std/quartus/libraries/megafunctions/altdpram.inc                        ;         ;
; db/altsyncram_5vd1.tdf                                ; yes             ; Auto-Generated Megafunction                           ; C:/SystemVerilog/Waveform_Generator/quartus/db/altsyncram_5vd1.tdf                         ;         ;
; db/WAVE_GEN_TOP.ram0_SINE_LUT_f4f2a91b.hdl.mif        ; yes             ; Auto-Generated Auto-Found Memory Initialization File  ; C:/SystemVerilog/Waveform_Generator/quartus/db/WAVE_GEN_TOP.ram0_SINE_LUT_f4f2a91b.hdl.mif ;         ;
+-------------------------------------------------------+-----------------+-------------------------------------------------------+--------------------------------------------------------------------------------------------+---------+


+-----------------------------------------------------------+
; Analysis & Synthesis Resource Usage Summary               ;
+---------------------------------------------+-------------+
; Resource                                    ; Usage       ;
+---------------------------------------------+-------------+
; Estimate of Logic utilization (ALMs needed) ; 281         ;
;                                             ;             ;
; Combinational ALUT usage for logic          ; 469         ;
;     -- 7 input functions                    ; 0           ;
;     -- 6 input functions                    ; 72          ;
;     -- 5 input functions                    ; 47          ;
;     -- 4 input functions                    ; 62          ;
;     -- <=3 input functions                  ; 288         ;
;                                             ;             ;
; Dedicated logic registers                   ; 279         ;
;                                             ;             ;
; I/O pins                                    ; 36          ;
; Total MLAB memory bits                      ; 0           ;
; Total block memory bits                     ; 98304       ;
;                                             ;             ;
; Total DSP Blocks                            ; 1           ;
;                                             ;             ;
; Maximum fan-out node                        ; I_CLK~input ;
; Maximum fan-out                             ; 303         ;
; Total fan-out                               ; 3106        ;
; Average fan-out                             ; 3.68        ;
+---------------------------------------------+-------------+


+----------------------------------------------------------------------------------------------------------------------------------------------------------------------------------------------------------------------------------------------------------------------------------------------------------------------------------------------------+
; Analysis & Synthesis Resource Utilization by Entity                                                                                                                                                                                                                                                                                                ;
+----------------------------------------------------+---------------------+---------------------------+-------------------+------------+------+--------------+-----------------------------------------------------------------------------------------------------------------------------------------------+-----------------------+--------------+
; Compilation Hierarchy Node                         ; Combinational ALUTs ; Dedicated Logic Registers ; Block Memory Bits ; DSP Blocks ; Pins ; Virtual Pins ; Full Hierarchy Name                                                                                                                           ; Entity Name           ; Library Name ;
+----------------------------------------------------+---------------------+---------------------------+-------------------+------------+------+--------------+-----------------------------------------------------------------------------------------------------------------------------------------------+-----------------------+--------------+
; |WAVE_GEN_TOP                                      ; 469 (0)             ; 279 (0)                   ; 98304             ; 1          ; 36   ; 0            ; |WAVE_GEN_TOP                                                                                                                                 ; WAVE_GEN_TOP          ; work         ;
;    |INPUT_CONTROL:u_input_control|                 ; 232 (231)           ; 91 (87)                   ; 0                 ; 0          ; 0    ; 0            ; |WAVE_GEN_TOP|INPUT_CONTROL:u_input_control                                                                                                   ; INPUT_CONTROL         ; work         ;
;       |FALLING_EDGE_DETECTOR:u_detect_change_mode| ; 1 (1)               ; 1 (1)                     ; 0                 ; 0          ; 0    ; 0            ; |WAVE_GEN_TOP|INPUT_CONTROL:u_input_control|FALLING_EDGE_DETECTOR:u_detect_change_mode                                                        ; FALLING_EDGE_DETECTOR ; work         ;
;       |FALLING_EDGE_DETECTOR:u_detect_down|        ; 0 (0)               ; 1 (1)                     ; 0                 ; 0          ; 0    ; 0            ; |WAVE_GEN_TOP|INPUT_CONTROL:u_input_control|FALLING_EDGE_DETECTOR:u_detect_down                                                               ; FALLING_EDGE_DETECTOR ; work         ;
;       |FALLING_EDGE_DETECTOR:u_detect_start|       ; 0 (0)               ; 1 (1)                     ; 0                 ; 0          ; 0    ; 0            ; |WAVE_GEN_TOP|INPUT_CONTROL:u_input_control|FALLING_EDGE_DETECTOR:u_detect_start                                                              ; FALLING_EDGE_DETECTOR ; work         ;
;       |FALLING_EDGE_DETECTOR:u_detect_up|          ; 0 (0)               ; 1 (1)                     ; 0                 ; 0          ; 0    ; 0            ; |WAVE_GEN_TOP|INPUT_CONTROL:u_input_control|FALLING_EDGE_DETECTOR:u_detect_up                                                                 ; FALLING_EDGE_DETECTOR ; work         ;
;    |WAVE_GEN:u_wave_gen|                           ; 237 (85)            ; 188 (130)                 ; 98304             ; 1          ; 0    ; 0            ; |WAVE_GEN_TOP|WAVE_GEN:u_wave_gen                                                                                                             ; WAVE_GEN              ; work         ;
;       |PHASE_ACCUMULATOR:u_phase_accumulator|      ; 74 (74)             ; 32 (32)                   ; 0                 ; 0          ; 0    ; 0            ; |WAVE_GEN_TOP|WAVE_GEN:u_wave_gen|PHASE_ACCUMULATOR:u_phase_accumulator                                                                       ; PHASE_ACCUMULATOR     ; work         ;
;       |PRBS_GENERATOR:u_prbs_gen|                  ; 1 (1)               ; 24 (24)                   ; 0                 ; 0          ; 0    ; 0            ; |WAVE_GEN_TOP|WAVE_GEN:u_wave_gen|PRBS_GENERATOR:u_prbs_gen                                                                                   ; PRBS_GENERATOR        ; work         ;
;       |SINE_GENERATOR:u_sine_gen|                  ; 36 (24)             ; 2 (1)                     ; 98304             ; 0          ; 0    ; 0            ; |WAVE_GEN_TOP|WAVE_GEN:u_wave_gen|SINE_GENERATOR:u_sine_gen                                                                                   ; SINE_GENERATOR        ; work         ;
;          |SINE_LUT:u_sine_lut|                     ; 0 (0)               ; 1 (1)                     ; 98304             ; 0          ; 0    ; 0            ; |WAVE_GEN_TOP|WAVE_GEN:u_wave_gen|SINE_GENERATOR:u_sine_gen|SINE_LUT:u_sine_lut                                                               ; SINE_LUT              ; work         ;
;             |altsyncram:r_sine_sample_rtl_0|       ; 0 (0)               ; 0 (0)                     ; 98304             ; 0          ; 0    ; 0            ; |WAVE_GEN_TOP|WAVE_GEN:u_wave_gen|SINE_GENERATOR:u_sine_gen|SINE_LUT:u_sine_lut|altsyncram:r_sine_sample_rtl_0                                ; altsyncram            ; work         ;
;                |altsyncram_5vd1:auto_generated|    ; 0 (0)               ; 0 (0)                     ; 98304             ; 0          ; 0    ; 0            ; |WAVE_GEN_TOP|WAVE_GEN:u_wave_gen|SINE_GENERATOR:u_sine_gen|SINE_LUT:u_sine_lut|altsyncram:r_sine_sample_rtl_0|altsyncram_5vd1:auto_generated ; altsyncram_5vd1       ; work         ;
;          |SINE_PHASE_MAPPER:u_phase_mapper|        ; 12 (12)             ; 0 (0)                     ; 0                 ; 0          ; 0    ; 0            ; |WAVE_GEN_TOP|WAVE_GEN:u_wave_gen|SINE_GENERATOR:u_sine_gen|SINE_PHASE_MAPPER:u_phase_mapper                                                  ; SINE_PHASE_MAPPER     ; work         ;
;       |SQUARE_GENERATOR:u_square_gen|              ; 40 (40)             ; 0 (0)                     ; 0                 ; 0          ; 0    ; 0            ; |WAVE_GEN_TOP|WAVE_GEN:u_wave_gen|SQUARE_GENERATOR:u_square_gen                                                                               ; SQUARE_GENERATOR      ; work         ;
;       |TRIANGLE_GENERATOR:u_triangle_gen|          ; 1 (1)               ; 0 (0)                     ; 0                 ; 0          ; 0    ; 0            ; |WAVE_GEN_TOP|WAVE_GEN:u_wave_gen|TRIANGLE_GENERATOR:u_triangle_gen                                                                           ; TRIANGLE_GENERATOR    ; work         ;
+----------------------------------------------------+---------------------+---------------------------+-------------------+------------+------+--------------+-----------------------------------------------------------------------------------------------------------------------------------------------+-----------------------+--------------+
Note: For table entries with two numbers listed, the numbers in parentheses indicate the number of resources of the given type used by the specific entity alone. The numbers listed outside of parentheses indicate the total resources of the given type used by the specific entity and all of its sub-entities in the hierarchy.


+-------------------------------------------------------------------------------------------------------------------------------------------------------------------------------------------------------------------------------------------------------------------------------+
; Analysis & Synthesis RAM Summary                                                                                                                                                                                                                                              ;
+--------------------------------------------------------------------------------------------------------------------------------------------+------+------+--------------+--------------+--------------+--------------+-------+------------------------------------------------+
; Name                                                                                                                                       ; Type ; Mode ; Port A Depth ; Port A Width ; Port B Depth ; Port B Width ; Size  ; MIF                                            ;
+--------------------------------------------------------------------------------------------------------------------------------------------+------+------+--------------+--------------+--------------+--------------+-------+------------------------------------------------+
; WAVE_GEN:u_wave_gen|SINE_GENERATOR:u_sine_gen|SINE_LUT:u_sine_lut|altsyncram:r_sine_sample_rtl_0|altsyncram_5vd1:auto_generated|ALTSYNCRAM ; AUTO ; ROM  ; 4096         ; 24           ; --           ; --           ; 98304 ; db/WAVE_GEN_TOP.ram0_SINE_LUT_f4f2a91b.hdl.mif ;
+--------------------------------------------------------------------------------------------------------------------------------------------+------+------+--------------+--------------+--------------+--------------+-------+------------------------------------------------+


+-----------------------------------------------+
; Analysis & Synthesis DSP Block Usage Summary  ;
+---------------------------------+-------------+
; Statistic                       ; Number Used ;
+---------------------------------+-------------+
; Independent 27x27               ; 1           ;
; Total number of DSP blocks      ; 1           ;
;                                 ;             ;
; Fixed Point Unsigned Multiplier ; 1           ;
+---------------------------------+-------------+


Encoding Type:  One-Hot
+--------------------------------------------------------------------------------------------------------------------------------------------------+
; State Machine - |WAVE_GEN_TOP|INPUT_CONTROL:u_input_control|r_current_state                                                                      ;
+-------------------------------+------------------------------+-------------------------------+-------------------------+-------------------------+
; Name                          ; r_current_state.ST_AMPLITUDE ; r_current_state.ST_DUTY_CYCLE ; r_current_state.ST_FREQ ; r_current_state.ST_IDLE ;
+-------------------------------+------------------------------+-------------------------------+-------------------------+-------------------------+
; r_current_state.ST_IDLE       ; 0                            ; 0                             ; 0                       ; 0                       ;
; r_current_state.ST_FREQ       ; 0                            ; 0                             ; 1                       ; 1                       ;
; r_current_state.ST_DUTY_CYCLE ; 0                            ; 1                             ; 0                       ; 1                       ;
; r_current_state.ST_AMPLITUDE  ; 1                            ; 0                             ; 0                       ; 1                       ;
+-------------------------------+------------------------------+-------------------------------+-------------------------+-------------------------+


+------------------------------------------------------------------------------------------------------------+
; Registers Removed During Synthesis                                                                         ;
+-------------------------------------------------+----------------------------------------------------------+
; Register name                                   ; Reason for Removal                                       ;
+-------------------------------------------------+----------------------------------------------------------+
; WAVE_GEN:u_wave_gen|r_square_delay[1..21]       ; Merged with WAVE_GEN:u_wave_gen|r_square_delay[22]       ;
; WAVE_GEN:u_wave_gen|r_triangle_delay[0]         ; Merged with WAVE_GEN:u_wave_gen|r_square_delay[0]        ;
; WAVE_GEN:u_wave_gen|r_amplitude[1,2]            ; Merged with WAVE_GEN:u_wave_gen|r_amplitude[0]           ;
; INPUT_CONTROL:u_input_control|r_amplitude[1,2]  ; Merged with INPUT_CONTROL:u_input_control|r_amplitude[0] ;
; INPUT_CONTROL:u_input_control|r_phase_ftw[1]    ; Stuck at GND due to stuck port data_in                   ;
; INPUT_CONTROL:u_input_control|r_amplitude[0]    ; Stuck at GND due to stuck port data_in                   ;
; WAVE_GEN:u_wave_gen|r_phase_ftw[1]              ; Stuck at GND due to stuck port data_in                   ;
; WAVE_GEN:u_wave_gen|r_amplitude[0]              ; Stuck at GND due to stuck port data_in                   ;
; INPUT_CONTROL:u_input_control|r_current_state~4 ; Lost fanout                                              ;
; INPUT_CONTROL:u_input_control|r_current_state~5 ; Lost fanout                                              ;
; INPUT_CONTROL:u_input_control|r_phase_ftw[0]    ; Stuck at VCC due to stuck port data_in                   ;
; Total Number of Removed Registers = 33          ;                                                          ;
+-------------------------------------------------+----------------------------------------------------------+


+-------------------------------------------------------------------------------------------------------------------+
; Removed Registers Triggering Further Register Optimizations                                                       ;
+----------------------------------------------+---------------------------+----------------------------------------+
; Register name                                ; Reason for Removal        ; Registers Removed due to This Register ;
+----------------------------------------------+---------------------------+----------------------------------------+
; INPUT_CONTROL:u_input_control|r_phase_ftw[1] ; Stuck at GND              ; WAVE_GEN:u_wave_gen|r_phase_ftw[1]     ;
;                                              ; due to stuck port data_in ;                                        ;
; INPUT_CONTROL:u_input_control|r_amplitude[0] ; Stuck at GND              ; WAVE_GEN:u_wave_gen|r_amplitude[0]     ;
;                                              ; due to stuck port data_in ;                                        ;
+----------------------------------------------+---------------------------+----------------------------------------+


+------------------------------------------------------+
; General Register Statistics                          ;
+----------------------------------------------+-------+
; Statistic                                    ; Value ;
+----------------------------------------------+-------+
; Total registers                              ; 279   ;
; Number of registers using Synchronous Clear  ; 65    ;
; Number of registers using Synchronous Load   ; 22    ;
; Number of registers using Asynchronous Clear ; 279   ;
; Number of registers using Asynchronous Load  ; 0     ;
; Number of registers using Clock Enable       ; 131   ;
; Number of registers using Preset             ; 0     ;
+----------------------------------------------+-------+


+-------------------------------------------------------------------------+
; Inverted Register Statistics                                            ;
+---------------------------------------------------------------+---------+
; Inverted Register                                             ; Fan out ;
+---------------------------------------------------------------+---------+
; INPUT_CONTROL:u_input_control|r_phase_ftw[6]                  ; 4       ;
; INPUT_CONTROL:u_input_control|r_phase_ftw[10]                 ; 4       ;
; INPUT_CONTROL:u_input_control|r_phase_ftw[8]                  ; 5       ;
; INPUT_CONTROL:u_input_control|r_phase_ftw[13]                 ; 4       ;
; INPUT_CONTROL:u_input_control|r_phase_ftw[9]                  ; 4       ;
; INPUT_CONTROL:u_input_control|r_phase_ftw[16]                 ; 5       ;
; INPUT_CONTROL:u_input_control|r_phase_ftw[15]                 ; 4       ;
; INPUT_CONTROL:u_input_control|r_phase_ftw[18]                 ; 3       ;
; INPUT_CONTROL:u_input_control|r_phase_ftw[19]                 ; 3       ;
; WAVE_GEN:u_wave_gen|PRBS_GENERATOR:u_prbs_gen|r_prbs_data[0]  ; 2       ;
; WAVE_GEN:u_wave_gen|PRBS_GENERATOR:u_prbs_gen|r_prbs_data[1]  ; 2       ;
; WAVE_GEN:u_wave_gen|PRBS_GENERATOR:u_prbs_gen|r_prbs_data[2]  ; 2       ;
; WAVE_GEN:u_wave_gen|PRBS_GENERATOR:u_prbs_gen|r_prbs_data[3]  ; 2       ;
; WAVE_GEN:u_wave_gen|PRBS_GENERATOR:u_prbs_gen|r_prbs_data[4]  ; 2       ;
; WAVE_GEN:u_wave_gen|PRBS_GENERATOR:u_prbs_gen|r_prbs_data[5]  ; 2       ;
; WAVE_GEN:u_wave_gen|PRBS_GENERATOR:u_prbs_gen|r_prbs_data[6]  ; 2       ;
; WAVE_GEN:u_wave_gen|PRBS_GENERATOR:u_prbs_gen|r_prbs_data[7]  ; 18      ;
; INPUT_CONTROL:u_input_control|r_amplitude[14]                 ; 6       ;
; WAVE_GEN:u_wave_gen|PRBS_GENERATOR:u_prbs_gen|r_prbs_data[23] ; 1       ;
; WAVE_GEN:u_wave_gen|PRBS_GENERATOR:u_prbs_gen|r_prbs_data[22] ; 2       ;
; WAVE_GEN:u_wave_gen|PRBS_GENERATOR:u_prbs_gen|r_prbs_data[21] ; 2       ;
; WAVE_GEN:u_wave_gen|PRBS_GENERATOR:u_prbs_gen|r_prbs_data[16] ; 2       ;
; INPUT_CONTROL:u_input_control|r_duty_cycle_th[31]             ; 5       ;
; WAVE_GEN:u_wave_gen|PRBS_GENERATOR:u_prbs_gen|r_prbs_data[20] ; 1       ;
; WAVE_GEN:u_wave_gen|PRBS_GENERATOR:u_prbs_gen|r_prbs_data[15] ; 1       ;
; WAVE_GEN:u_wave_gen|PRBS_GENERATOR:u_prbs_gen|r_prbs_data[19] ; 1       ;
; WAVE_GEN:u_wave_gen|PRBS_GENERATOR:u_prbs_gen|r_prbs_data[14] ; 1       ;
; WAVE_GEN:u_wave_gen|PRBS_GENERATOR:u_prbs_gen|r_prbs_data[18] ; 1       ;
; WAVE_GEN:u_wave_gen|PRBS_GENERATOR:u_prbs_gen|r_prbs_data[13] ; 1       ;
; WAVE_GEN:u_wave_gen|PRBS_GENERATOR:u_prbs_gen|r_prbs_data[17] ; 1       ;
; WAVE_GEN:u_wave_gen|PRBS_GENERATOR:u_prbs_gen|r_prbs_data[12] ; 1       ;
; WAVE_GEN:u_wave_gen|PRBS_GENERATOR:u_prbs_gen|r_prbs_data[11] ; 1       ;
; WAVE_GEN:u_wave_gen|PRBS_GENERATOR:u_prbs_gen|r_prbs_data[10] ; 1       ;
; WAVE_GEN:u_wave_gen|PRBS_GENERATOR:u_prbs_gen|r_prbs_data[9]  ; 1       ;
; WAVE_GEN:u_wave_gen|PRBS_GENERATOR:u_prbs_gen|r_prbs_data[8]  ; 1       ;
; Total number of inverted registers = 35                       ;         ;
+---------------------------------------------------------------+---------+


+-------------------------------------------------------------------------------------------------------------------------------------------------------------------------------------+
; Registers Packed Into Inferred Megafunctions                                                                                                                                        ;
+--------------------------------------------------------------------------------------+---------------------------------------------------------------------------------------+------+
; Register Name                                                                        ; Megafunction                                                                          ; Type ;
+--------------------------------------------------------------------------------------+---------------------------------------------------------------------------------------+------+
; WAVE_GEN:u_wave_gen|SINE_GENERATOR:u_sine_gen|SINE_LUT:u_sine_lut|O_SINE_DATA[0..23] ; WAVE_GEN:u_wave_gen|SINE_GENERATOR:u_sine_gen|SINE_LUT:u_sine_lut|r_sine_sample_rtl_0 ; RAM  ;
+--------------------------------------------------------------------------------------+---------------------------------------------------------------------------------------+------+


+-----------------------------------------------------------------------------------------------------------------------------------------------------------------------------------------------------------+
; Multiplexer Restructuring Statistics (Restructuring Performed)                                                                                                                                            ;
+--------------------+-----------+---------------+----------------------+------------------------+------------+---------------------------------------------------------------------------------------------+
; Multiplexer Inputs ; Bus Width ; Baseline Area ; Area if Restructured ; Saving if Restructured ; Registered ; Example Multiplexer Output                                                                  ;
+--------------------+-----------+---------------+----------------------+------------------------+------------+---------------------------------------------------------------------------------------------+
; 3:1                ; 32 bits   ; 64 LEs        ; 0 LEs                ; 64 LEs                 ; Yes        ; |WAVE_GEN_TOP|WAVE_GEN:u_wave_gen|PHASE_ACCUMULATOR:u_phase_accumulator|r_phase_counter[26] ;
; 5:1                ; 31 bits   ; 93 LEs        ; 62 LEs               ; 31 LEs                 ; Yes        ; |WAVE_GEN_TOP|INPUT_CONTROL:u_input_control|r_duty_cycle_th[13]                             ;
; 5:1                ; 21 bits   ; 63 LEs        ; 42 LEs               ; 21 LEs                 ; Yes        ; |WAVE_GEN_TOP|INPUT_CONTROL:u_input_control|r_phase_ftw[30]                                 ;
; 5:1                ; 12 bits   ; 36 LEs        ; 24 LEs               ; 12 LEs                 ; Yes        ; |WAVE_GEN_TOP|INPUT_CONTROL:u_input_control|r_amplitude[15]                                 ;
; 5:1                ; 9 bits    ; 27 LEs        ; 18 LEs               ; 9 LEs                  ; Yes        ; |WAVE_GEN_TOP|INPUT_CONTROL:u_input_control|r_phase_ftw[8]                                  ;
; 4:1                ; 23 bits   ; 46 LEs        ; 46 LEs               ; 0 LEs                  ; No         ; |WAVE_GEN_TOP|WAVE_GEN:u_wave_gen|Mux1                                                      ;
+--------------------+-----------+---------------+----------------------+------------------------+------------+---------------------------------------------------------------------------------------------+


+--------------------------------------------------------------------------------------------------------------------------------------------------------+
; Source assignments for WAVE_GEN:u_wave_gen|SINE_GENERATOR:u_sine_gen|SINE_LUT:u_sine_lut|altsyncram:r_sine_sample_rtl_0|altsyncram_5vd1:auto_generated ;
+---------------------------------+--------------------+------+------------------------------------------------------------------------------------------+
; Assignment                      ; Value              ; From ; To                                                                                       ;
+---------------------------------+--------------------+------+------------------------------------------------------------------------------------------+
; OPTIMIZE_POWER_DURING_SYNTHESIS ; NORMAL_COMPILATION ; -    ; -                                                                                        ;
+---------------------------------+--------------------+------+------------------------------------------------------------------------------------------+


+--------------------------------------------------------------------------------------------------------+
; Parameter Settings for User Entity Instance: WAVE_GEN:u_wave_gen|PHASE_ACCUMULATOR:u_phase_accumulator ;
+-----------------+-------+------------------------------------------------------------------------------+
; Parameter Name  ; Value ; Type                                                                         ;
+-----------------+-------+------------------------------------------------------------------------------+
; PARA_COUNTER_WD ; 32    ; Signed Integer                                                               ;
+-----------------+-------+------------------------------------------------------------------------------+
Note: In order to hide this table in the UI and the text report file, please set the "Show Parameter Settings in Synthesis Report" option in "Analysis and Synthesis Settings -> More Settings" to "Off".


+---------------------------------------------------------------------------------------------------------------------------------------------------+
; Parameter Settings for Inferred Entity Instance: WAVE_GEN:u_wave_gen|SINE_GENERATOR:u_sine_gen|SINE_LUT:u_sine_lut|altsyncram:r_sine_sample_rtl_0 ;
+------------------------------------+------------------------------------------------+-------------------------------------------------------------+
; Parameter Name                     ; Value                                          ; Type                                                        ;
+------------------------------------+------------------------------------------------+-------------------------------------------------------------+
; BYTE_SIZE_BLOCK                    ; 8                                              ; Untyped                                                     ;
; AUTO_CARRY_CHAINS                  ; ON                                             ; AUTO_CARRY                                                  ;
; IGNORE_CARRY_BUFFERS               ; OFF                                            ; IGNORE_CARRY                                                ;
; AUTO_CASCADE_CHAINS                ; ON                                             ; AUTO_CASCADE                                                ;
; IGNORE_CASCADE_BUFFERS             ; OFF                                            ; IGNORE_CASCADE                                              ;
; WIDTH_BYTEENA                      ; 1                                              ; Untyped                                                     ;
; OPERATION_MODE                     ; ROM                                            ; Untyped                                                     ;
; WIDTH_A                            ; 24                                             ; Untyped                                                     ;
; WIDTHAD_A                          ; 12                                             ; Untyped                                                     ;
; NUMWORDS_A                         ; 4096                                           ; Untyped                                                     ;
; OUTDATA_REG_A                      ; UNREGISTERED                                   ; Untyped                                                     ;
; ADDRESS_ACLR_A                     ; NONE                                           ; Untyped                                                     ;
; OUTDATA_ACLR_A                     ; NONE                                           ; Untyped                                                     ;
; WRCONTROL_ACLR_A                   ; NONE                                           ; Untyped                                                     ;
; INDATA_ACLR_A                      ; NONE                                           ; Untyped                                                     ;
; BYTEENA_ACLR_A                     ; NONE                                           ; Untyped                                                     ;
; WIDTH_B                            ; 1                                              ; Untyped                                                     ;
; WIDTHAD_B                          ; 1                                              ; Untyped                                                     ;
; NUMWORDS_B                         ; 1                                              ; Untyped                                                     ;
; INDATA_REG_B                       ; CLOCK1                                         ; Untyped                                                     ;
; WRCONTROL_WRADDRESS_REG_B          ; CLOCK1                                         ; Untyped                                                     ;
; RDCONTROL_REG_B                    ; CLOCK1                                         ; Untyped                                                     ;
; ADDRESS_REG_B                      ; CLOCK1                                         ; Untyped                                                     ;
; OUTDATA_REG_B                      ; UNREGISTERED                                   ; Untyped                                                     ;
; BYTEENA_REG_B                      ; CLOCK1                                         ; Untyped                                                     ;
; INDATA_ACLR_B                      ; NONE                                           ; Untyped                                                     ;
; WRCONTROL_ACLR_B                   ; NONE                                           ; Untyped                                                     ;
; ADDRESS_ACLR_B                     ; NONE                                           ; Untyped                                                     ;
; OUTDATA_ACLR_B                     ; NONE                                           ; Untyped                                                     ;
; RDCONTROL_ACLR_B                   ; NONE                                           ; Untyped                                                     ;
; BYTEENA_ACLR_B                     ; NONE                                           ; Untyped                                                     ;
; WIDTH_BYTEENA_A                    ; 1                                              ; Untyped                                                     ;
; WIDTH_BYTEENA_B                    ; 1                                              ; Untyped                                                     ;
; RAM_BLOCK_TYPE                     ; AUTO                                           ; Untyped                                                     ;
; BYTE_SIZE                          ; 8                                              ; Untyped                                                     ;
; READ_DURING_WRITE_MODE_MIXED_PORTS ; DONT_CARE                                      ; Untyped                                                     ;
; READ_DURING_WRITE_MODE_PORT_A      ; NEW_DATA_NO_NBE_READ                           ; Untyped                                                     ;
; READ_DURING_WRITE_MODE_PORT_B      ; NEW_DATA_NO_NBE_READ                           ; Untyped                                                     ;
; INIT_FILE                          ; db/WAVE_GEN_TOP.ram0_SINE_LUT_f4f2a91b.hdl.mif ; Untyped                                                     ;
; INIT_FILE_LAYOUT                   ; PORT_A                                         ; Untyped                                                     ;
; MAXIMUM_DEPTH                      ; 0                                              ; Untyped                                                     ;
; CLOCK_ENABLE_INPUT_A               ; NORMAL                                         ; Untyped                                                     ;
; CLOCK_ENABLE_INPUT_B               ; NORMAL                                         ; Untyped                                                     ;
; CLOCK_ENABLE_OUTPUT_A              ; NORMAL                                         ; Untyped                                                     ;
; CLOCK_ENABLE_OUTPUT_B              ; NORMAL                                         ; Untyped                                                     ;
; CLOCK_ENABLE_CORE_A                ; USE_INPUT_CLKEN                                ; Untyped                                                     ;
; CLOCK_ENABLE_CORE_B                ; USE_INPUT_CLKEN                                ; Untyped                                                     ;
; ENABLE_ECC                         ; FALSE                                          ; Untyped                                                     ;
; ECC_PIPELINE_STAGE_ENABLED         ; FALSE                                          ; Untyped                                                     ;
; WIDTH_ECCSTATUS                    ; 3                                              ; Untyped                                                     ;
; DEVICE_FAMILY                      ; Cyclone V                                      ; Untyped                                                     ;
; CBXI_PARAMETER                     ; altsyncram_5vd1                                ; Untyped                                                     ;
+------------------------------------+------------------------------------------------+-------------------------------------------------------------+
Note: In order to hide this table in the UI and the text report file, please set the "Show Parameter Settings in Synthesis Report" option in "Analysis and Synthesis Settings -> More Settings" to "Off".


+----------------------------------------------------------------------------------------------------------------------------------------------+
; altsyncram Parameter Settings by Entity Instance                                                                                             ;
+-------------------------------------------+--------------------------------------------------------------------------------------------------+
; Name                                      ; Value                                                                                            ;
+-------------------------------------------+--------------------------------------------------------------------------------------------------+
; Number of entity instances                ; 1                                                                                                ;
; Entity Instance                           ; WAVE_GEN:u_wave_gen|SINE_GENERATOR:u_sine_gen|SINE_LUT:u_sine_lut|altsyncram:r_sine_sample_rtl_0 ;
;     -- OPERATION_MODE                     ; ROM                                                                                              ;
;     -- WIDTH_A                            ; 24                                                                                               ;
;     -- NUMWORDS_A                         ; 4096                                                                                             ;
;     -- OUTDATA_REG_A                      ; UNREGISTERED                                                                                     ;
;     -- WIDTH_B                            ; 1                                                                                                ;
;     -- NUMWORDS_B                         ; 1                                                                                                ;
;     -- ADDRESS_REG_B                      ; CLOCK1                                                                                           ;
;     -- OUTDATA_REG_B                      ; UNREGISTERED                                                                                     ;
;     -- RAM_BLOCK_TYPE                     ; AUTO                                                                                             ;
;     -- READ_DURING_WRITE_MODE_MIXED_PORTS ; DONT_CARE                                                                                        ;
+-------------------------------------------+--------------------------------------------------------------------------------------------------+


+------------------------------------------------------------------------------------------------------------------------------+
; Port Connectivity Checks: "WAVE_GEN:u_wave_gen|PRBS_GENERATOR:u_prbs_gen"                                                    ;
+--------------------+--------+----------+-------------------------------------------------------------------------------------+
; Port               ; Type   ; Severity ; Details                                                                             ;
+--------------------+--------+----------+-------------------------------------------------------------------------------------+
; O_PRBS_DATA[23..8] ; Output ; Info     ; Connected to dangling logic. Logic that only feeds a dangling port will be removed. ;
+--------------------+--------+----------+-------------------------------------------------------------------------------------+


+-----------------------------------------------------+
; Post-Synthesis Netlist Statistics for Top Partition ;
+-----------------------+-----------------------------+
; Type                  ; Count                       ;
+-----------------------+-----------------------------+
; arriav_ff             ; 279                         ;
;     CLR               ; 126                         ;
;     CLR SLD           ; 22                          ;
;     ENA CLR           ; 66                          ;
;     ENA CLR SCLR      ; 65                          ;
; arriav_lcell_comb     ; 469                         ;
;     arith             ; 200                         ;
;         1 data inputs ; 92                          ;
;         2 data inputs ; 55                          ;
;         3 data inputs ; 24                          ;
;         5 data inputs ; 29                          ;
;     normal            ; 269                         ;
;         1 data inputs ; 35                          ;
;         2 data inputs ; 40                          ;
;         3 data inputs ; 42                          ;
;         4 data inputs ; 62                          ;
;         5 data inputs ; 18                          ;
;         6 data inputs ; 72                          ;
; arriav_mac            ; 1                           ;
; boundary_port         ; 36                          ;
; stratixv_ram_block    ; 24                          ;
;                       ;                             ;
; Max LUT depth         ; 5.10                        ;
; Average LUT depth     ; 3.32                        ;
+-----------------------+-----------------------------+


+-------------------------------+
; Elapsed Time Per Partition    ;
+----------------+--------------+
; Partition Name ; Elapsed Time ;
+----------------+--------------+
; Top            ; 00:00:01     ;
+----------------+--------------+


+-------------------------------+
; Analysis & Synthesis Messages ;
+-------------------------------+
Info: *******************************************************************
Info: Running Quartus Prime Analysis & Synthesis
    Info: Version 25.1std.0 Build 1129 10/21/2025 SC Lite Edition
    Info: Processing started: Thu Sep  3 11:12:50 2026
Info: Command: quartus_map --read_settings_files=on --write_settings_files=off Waveform_Generator -c WAVE_GEN_TOP
Warning (18236): Number of processors has not been specified which may cause overloading on shared machines.  Set the global assignment NUM_PARALLEL_PROCESSORS in your QSF to an appropriate value for best performance.
Info (20030): Parallel compilation is enabled and will use 14 of the 14 processors detected
Info (12021): Found 1 design units, including 1 entities, in source file /systemverilog/waveform_generator/00_src/wave_gen_top.sv
    Info (12023): Found entity 1: WAVE_GEN_TOP File: C:/SystemVerilog/Waveform_Generator/00_src/WAVE_GEN_TOP.sv Line: 3
Info (12021): Found 1 design units, including 1 entities, in source file /systemverilog/waveform_generator/00_src/wave_gen.sv
    Info (12023): Found entity 1: WAVE_GEN File: C:/SystemVerilog/Waveform_Generator/00_src/WAVE_GEN.sv Line: 3
Info (12021): Found 1 design units, including 1 entities, in source file /systemverilog/waveform_generator/00_src/triangle_generator.sv
    Info (12023): Found entity 1: TRIANGLE_GENERATOR File: C:/SystemVerilog/Waveform_Generator/00_src/TRIANGLE_GENERATOR.sv Line: 3
Info (12021): Found 1 design units, including 1 entities, in source file /systemverilog/waveform_generator/00_src/square_generator.sv
    Info (12023): Found entity 1: SQUARE_GENERATOR File: C:/SystemVerilog/Waveform_Generator/00_src/SQUARE_GENERATOR.sv Line: 3
Info (12021): Found 1 design units, including 1 entities, in source file /systemverilog/waveform_generator/00_src/sine_phase_mapper.sv
    Info (12023): Found entity 1: SINE_PHASE_MAPPER File: C:/SystemVerilog/Waveform_Generator/00_src/SINE_PHASE_MAPPER.sv Line: 3
Info (12021): Found 1 design units, including 1 entities, in source file /systemverilog/waveform_generator/00_src/sine_lut.sv
    Info (12023): Found entity 1: SINE_LUT File: C:/SystemVerilog/Waveform_Generator/00_src/SINE_LUT.sv Line: 3
Info (12021): Found 1 design units, including 1 entities, in source file /systemverilog/waveform_generator/00_src/sine_generator.sv
    Info (12023): Found entity 1: SINE_GENERATOR File: C:/SystemVerilog/Waveform_Generator/00_src/SINE_GENERATOR.sv Line: 2
Info (12021): Found 1 design units, including 1 entities, in source file /systemverilog/waveform_generator/00_src/saw_tooth_generator.sv
    Info (12023): Found entity 1: SAW_TOOTH_GENERATOR File: C:/SystemVerilog/Waveform_Generator/00_src/SAW_TOOTH_GENERATOR.sv Line: 3
Info (12021): Found 1 design units, including 1 entities, in source file /systemverilog/waveform_generator/00_src/prbs_generator.sv
    Info (12023): Found entity 1: PRBS_GENERATOR File: C:/SystemVerilog/Waveform_Generator/00_src/PRBS_GENERATOR.sv Line: 3
Info (12021): Found 1 design units, including 1 entities, in source file /systemverilog/waveform_generator/00_src/phase_accumulator.sv
    Info (12023): Found entity 1: PHASE_ACCUMULATOR File: C:/SystemVerilog/Waveform_Generator/00_src/PHASE_ACCUMULATOR.sv Line: 3
Info (12021): Found 1 design units, including 1 entities, in source file /systemverilog/waveform_generator/00_src/input_control.sv
    Info (12023): Found entity 1: INPUT_CONTROL File: C:/SystemVerilog/Waveform_Generator/00_src/INPUT_CONTROL.sv Line: 3
Info (12021): Found 1 design units, including 1 entities, in source file /systemverilog/waveform_generator/00_src/falling_edge_detector.sv
    Info (12023): Found entity 1: FALLING_EDGE_DETECTOR File: C:/SystemVerilog/Waveform_Generator/00_src/FALLING_EDGE_DETECTOR.sv Line: 3
Info (12127): Elaborating entity "WAVE_GEN_TOP" for the top level hierarchy
Info (12128): Elaborating entity "INPUT_CONTROL" for hierarchy "INPUT_CONTROL:u_input_control" File: C:/SystemVerilog/Waveform_Generator/00_src/WAVE_GEN_TOP.sv Line: 36
Info (10264): Verilog HDL Case Statement information at INPUT_CONTROL.sv(137): all case item expressions in this case statement are onehot File: C:/SystemVerilog/Waveform_Generator/00_src/INPUT_CONTROL.sv Line: 137
Info (10264): Verilog HDL Case Statement information at INPUT_CONTROL.sv(160): all case item expressions in this case statement are onehot File: C:/SystemVerilog/Waveform_Generator/00_src/INPUT_CONTROL.sv Line: 160
Info (10264): Verilog HDL Case Statement information at INPUT_CONTROL.sv(183): all case item expressions in this case statement are onehot File: C:/SystemVerilog/Waveform_Generator/00_src/INPUT_CONTROL.sv Line: 183
Info (12128): Elaborating entity "FALLING_EDGE_DETECTOR" for hierarchy "INPUT_CONTROL:u_input_control|FALLING_EDGE_DETECTOR:u_detect_start" File: C:/SystemVerilog/Waveform_Generator/00_src/INPUT_CONTROL.sv Line: 109
Info (12128): Elaborating entity "WAVE_GEN" for hierarchy "WAVE_GEN:u_wave_gen" File: C:/SystemVerilog/Waveform_Generator/00_src/WAVE_GEN_TOP.sv Line: 50
Info (12128): Elaborating entity "SINE_GENERATOR" for hierarchy "WAVE_GEN:u_wave_gen|SINE_GENERATOR:u_sine_gen" File: C:/SystemVerilog/Waveform_Generator/00_src/WAVE_GEN.sv Line: 52
Warning (10230): Verilog HDL assignment warning at SINE_GENERATOR.sv(37): truncated value with size 32 to match size of target (24) File: C:/SystemVerilog/Waveform_Generator/00_src/SINE_GENERATOR.sv Line: 37
Info (12128): Elaborating entity "SINE_PHASE_MAPPER" for hierarchy "WAVE_GEN:u_wave_gen|SINE_GENERATOR:u_sine_gen|SINE_PHASE_MAPPER:u_phase_mapper" File: C:/SystemVerilog/Waveform_Generator/00_src/SINE_GENERATOR.sv Line: 28
Info (12128): Elaborating entity "SINE_LUT" for hierarchy "WAVE_GEN:u_wave_gen|SINE_GENERATOR:u_sine_gen|SINE_LUT:u_sine_lut" File: C:/SystemVerilog/Waveform_Generator/00_src/SINE_GENERATOR.sv Line: 35
Warning (10030): Net "r_sine_sample.data_a" at SINE_LUT.sv(11) has no driver or initial value, using a default initial value '0' File: C:/SystemVerilog/Waveform_Generator/00_src/SINE_LUT.sv Line: 11
Warning (10030): Net "r_sine_sample.waddr_a" at SINE_LUT.sv(11) has no driver or initial value, using a default initial value '0' File: C:/SystemVerilog/Waveform_Generator/00_src/SINE_LUT.sv Line: 11
Warning (10030): Net "r_sine_sample.we_a" at SINE_LUT.sv(11) has no driver or initial value, using a default initial value '0' File: C:/SystemVerilog/Waveform_Generator/00_src/SINE_LUT.sv Line: 11
Info (12128): Elaborating entity "SQUARE_GENERATOR" for hierarchy "WAVE_GEN:u_wave_gen|SQUARE_GENERATOR:u_square_gen" File: C:/SystemVerilog/Waveform_Generator/00_src/WAVE_GEN.sv Line: 58
Info (12128): Elaborating entity "TRIANGLE_GENERATOR" for hierarchy "WAVE_GEN:u_wave_gen|TRIANGLE_GENERATOR:u_triangle_gen" File: C:/SystemVerilog/Waveform_Generator/00_src/WAVE_GEN.sv Line: 63
Info (12128): Elaborating entity "SAW_TOOTH_GENERATOR" for hierarchy "WAVE_GEN:u_wave_gen|SAW_TOOTH_GENERATOR:u_saw_tooth_gen" File: C:/SystemVerilog/Waveform_Generator/00_src/WAVE_GEN.sv Line: 68
Info (12128): Elaborating entity "PHASE_ACCUMULATOR" for hierarchy "WAVE_GEN:u_wave_gen|PHASE_ACCUMULATOR:u_phase_accumulator" File: C:/SystemVerilog/Waveform_Generator/00_src/WAVE_GEN.sv Line: 78
Info (12128): Elaborating entity "PRBS_GENERATOR" for hierarchy "WAVE_GEN:u_wave_gen|PRBS_GENERATOR:u_prbs_gen" File: C:/SystemVerilog/Waveform_Generator/00_src/WAVE_GEN.sv Line: 85
Info (19000): Inferred 1 megafunctions from design logic
    Info (276029): Inferred altsyncram megafunction from the following design logic: "WAVE_GEN:u_wave_gen|SINE_GENERATOR:u_sine_gen|SINE_LUT:u_sine_lut|r_sine_sample_rtl_0" 
        Info (286033): Parameter OPERATION_MODE set to ROM
        Info (286033): Parameter WIDTH_A set to 24
        Info (286033): Parameter WIDTHAD_A set to 12
        Info (286033): Parameter NUMWORDS_A set to 4096
        Info (286033): Parameter OUTDATA_REG_A set to UNREGISTERED
        Info (286033): Parameter ADDRESS_ACLR_A set to NONE
        Info (286033): Parameter OUTDATA_ACLR_A set to NONE
        Info (286033): Parameter INDATA_ACLR_A set to NONE
        Info (286033): Parameter WRCONTROL_ACLR_A set to NONE
        Info (286033): Parameter INIT_FILE set to db/WAVE_GEN_TOP.ram0_SINE_LUT_f4f2a91b.hdl.mif
Info (12130): Elaborated megafunction instantiation "WAVE_GEN:u_wave_gen|SINE_GENERATOR:u_sine_gen|SINE_LUT:u_sine_lut|altsyncram:r_sine_sample_rtl_0"
Info (12133): Instantiated megafunction "WAVE_GEN:u_wave_gen|SINE_GENERATOR:u_sine_gen|SINE_LUT:u_sine_lut|altsyncram:r_sine_sample_rtl_0" with the following parameter:
    Info (12134): Parameter "OPERATION_MODE" = "ROM"
    Info (12134): Parameter "WIDTH_A" = "24"
    Info (12134): Parameter "WIDTHAD_A" = "12"
    Info (12134): Parameter "NUMWORDS_A" = "4096"
    Info (12134): Parameter "OUTDATA_REG_A" = "UNREGISTERED"
    Info (12134): Parameter "ADDRESS_ACLR_A" = "NONE"
    Info (12134): Parameter "OUTDATA_ACLR_A" = "NONE"
    Info (12134): Parameter "INDATA_ACLR_A" = "NONE"
    Info (12134): Parameter "WRCONTROL_ACLR_A" = "NONE"
    Info (12134): Parameter "INIT_FILE" = "db/WAVE_GEN_TOP.ram0_SINE_LUT_f4f2a91b.hdl.mif"
Info (12021): Found 1 design units, including 1 entities, in source file db/altsyncram_5vd1.tdf
    Info (12023): Found entity 1: altsyncram_5vd1 File: C:/SystemVerilog/Waveform_Generator/quartus/db/altsyncram_5vd1.tdf Line: 28
Info (286030): Timing-Driven Synthesis is running
Info (17049): 2 registers lost all their fanouts during netlist optimizations.
Info (16010): Generating hard_block partition "hard_block:auto_generated_inst"
    Info (16011): Adding 0 node(s), including 0 DDIO, 0 PLL, 0 transceiver and 0 LCELL
Info (21057): Implemented 663 device resources after synthesis - the final resource count might be different
    Info (21058): Implemented 11 input pins
    Info (21059): Implemented 25 output pins
    Info (21061): Implemented 602 logic cells
    Info (21064): Implemented 24 RAM segments
    Info (21062): Implemented 1 DSP elements
Info: Quartus Prime Analysis & Synthesis was successful. 0 errors, 5 warnings
    Info: Peak virtual memory: 4905 megabytes
    Info: Processing ended: Thu Sep  3 11:13:20 2026
    Info: Elapsed time: 00:00:30
    Info: Total CPU time (on all processors): 00:00:18


