------------------------------------------------------------
Timing Analyzer Summary
------------------------------------------------------------

Type  : Slow 1100mV 85C Model Setup 'CLOCK_TOP'
Slack : 12.212
TNS   : 0.000

Type  : Slow 1100mV 85C Model Hold 'CLOCK_TOP'
Slack : 0.263
TNS   : 0.000

Type  : Slow 1100mV 85C Model Minimum Pulse Width 'CLOCK_TOP'
Slack : 8.407
TNS   : 0.000

Type  : Slow 1100mV 0C Model Setup 'CLOCK_TOP'
Slack : 12.276
TNS   : 0.000

Type  : Slow 1100mV 0C Model Hold 'CLOCK_TOP'
Slack : 0.129
TNS   : 0.000

Type  : Slow 1100mV 0C Model Minimum Pulse Width 'CLOCK_TOP'
Slack : 8.332
TNS   : 0.000

Type  : Fast 1100mV 85C Model Setup 'CLOCK_TOP'
Slack : 16.243
TNS   : 0.000

Type  : Fast 1100mV 85C Model Hold 'CLOCK_TOP'
Slack : 0.117
TNS   : 0.000

Type  : Fast 1100mV 85C Model Minimum Pulse Width 'CLOCK_TOP'
Slack : 8.838
TNS   : 0.000

Type  : Fast 1100mV 0C Model Setup 'CLOCK_TOP'
Slack : 16.679
TNS   : 0.000

Type  : Fast 1100mV 0C Model Hold 'CLOCK_TOP'
Slack : 0.059
TNS   : 0.000

Type  : Fast 1100mV 0C Model Minimum Pulse Width 'CLOCK_TOP'
Slack : 8.825
TNS   : 0.000

------------------------------------------------------------
