make[1]: Entering directory '/mnt/c/SystemVerilog/Waveform_Generator/02_sim/build/PHASE_ACCUMULATOR_TB'
g++ -Os  -I.  -MMD -I/usr/share/verilator/include -I/usr/share/verilator/include/vltstd -DVM_COVERAGE=0 -DVM_SC=0 -DVM_TRACE=1 -DVM_TRACE_FST=0 -DVM_TRACE_VCD=1 -faligned-new -fcf-protection=none -Wno-bool-operation -Wno-overloaded-virtual -Wno-shadow -Wno-sign-compare -Wno-uninitialized -Wno-unused-but-set-parameter -Wno-unused-but-set-variable -Wno-unused-parameter -Wno-unused-variable     -DVL_TIME_CONTEXT   -fcoroutines -c -o verilated.o /usr/share/verilator/include/verilated.cpp
g++ -Os  -I.  -MMD -I/usr/share/verilator/include -I/usr/share/verilator/include/vltstd -DVM_COVERAGE=0 -DVM_SC=0 -DVM_TRACE=1 -DVM_TRACE_FST=0 -DVM_TRACE_VCD=1 -faligned-new -fcf-protection=none -Wno-bool-operation -Wno-overloaded-virtual -Wno-shadow -Wno-sign-compare -Wno-uninitialized -Wno-unused-but-set-parameter -Wno-unused-but-set-variable -Wno-unused-parameter -Wno-unused-variable     -DVL_TIME_CONTEXT   -fcoroutines -c -o verilated_vcd_c.o /usr/share/verilator/include/verilated_vcd_c.cpp
g++ -Os  -I.  -MMD -I/usr/share/verilator/include -I/usr/share/verilator/include/vltstd -DVM_COVERAGE=0 -DVM_SC=0 -DVM_TRACE=1 -DVM_TRACE_FST=0 -DVM_TRACE_VCD=1 -faligned-new -fcf-protection=none -Wno-bool-operation -Wno-overloaded-virtual -Wno-shadow -Wno-sign-compare -Wno-uninitialized -Wno-unused-but-set-parameter -Wno-unused-but-set-variable -Wno-unused-parameter -Wno-unused-variable     -DVL_TIME_CONTEXT   -fcoroutines -c -o verilated_timing.o /usr/share/verilator/include/verilated_timing.cpp
g++ -Os  -I.  -MMD -I/usr/share/verilator/include -I/usr/share/verilator/include/vltstd -DVM_COVERAGE=0 -DVM_SC=0 -DVM_TRACE=1 -DVM_TRACE_FST=0 -DVM_TRACE_VCD=1 -faligned-new -fcf-protection=none -Wno-bool-operation -Wno-overloaded-virtual -Wno-shadow -Wno-sign-compare -Wno-uninitialized -Wno-unused-but-set-parameter -Wno-unused-but-set-variable -Wno-unused-parameter -Wno-unused-variable     -DVL_TIME_CONTEXT   -fcoroutines -c -o verilated_threads.o /usr/share/verilator/include/verilated_threads.cpp
/usr/bin/python3 /usr/share/verilator/bin/verilator_includer -DVL_INCLUDE_OPT=include VPHASE_ACCUMULATOR_TB.cpp VPHASE_ACCUMULATOR_TB___024root__DepSet_hae48ab13__0.cpp VPHASE_ACCUMULATOR_TB___024root__DepSet_h6a846c18__0.cpp VPHASE_ACCUMULATOR_TB__main.cpp VPHASE_ACCUMULATOR_TB__Trace__0.cpp VPHASE_ACCUMULATOR_TB___024root__Slow.cpp VPHASE_ACCUMULATOR_TB___024root__DepSet_hae48ab13__0__Slow.cpp VPHASE_ACCUMULATOR_TB___024root__DepSet_h6a846c18__0__Slow.cpp VPHASE_ACCUMULATOR_TB__Syms.cpp VPHASE_ACCUMULATOR_TB__Trace__0__Slow.cpp VPHASE_ACCUMULATOR_TB__TraceDecls__0__Slow.cpp > VPHASE_ACCUMULATOR_TB__ALL.cpp
g++ -Os  -I.  -MMD -I/usr/share/verilator/include -I/usr/share/verilator/include/vltstd -DVM_COVERAGE=0 -DVM_SC=0 -DVM_TRACE=1 -DVM_TRACE_FST=0 -DVM_TRACE_VCD=1 -faligned-new -fcf-protection=none -Wno-bool-operation -Wno-overloaded-virtual -Wno-shadow -Wno-sign-compare -Wno-uninitialized -Wno-unused-but-set-parameter -Wno-unused-but-set-variable -Wno-unused-parameter -Wno-unused-variable     -DVL_TIME_CONTEXT   -fcoroutines -c -o VPHASE_ACCUMULATOR_TB__ALL.o VPHASE_ACCUMULATOR_TB__ALL.cpp
echo "" > VPHASE_ACCUMULATOR_TB__ALL.verilator_deplist.tmp
Archive ar -rcs VPHASE_ACCUMULATOR_TB__ALL.a VPHASE_ACCUMULATOR_TB__ALL.o
g++     verilated.o verilated_vcd_c.o verilated_timing.o verilated_threads.o VPHASE_ACCUMULATOR_TB__ALL.a    -pthread -lpthread -latomic   -o VPHASE_ACCUMULATOR_TB
rm VPHASE_ACCUMULATOR_TB__ALL.verilator_deplist.tmp
make[1]: Leaving directory '/mnt/c/SystemVerilog/Waveform_Generator/02_sim/build/PHASE_ACCUMULATOR_TB'

TEST 1: Sample enable and hold
PASS: Asynchronous active-low reset
PASS: Counter remains zero after reset release
PASS: Counter accumulates FTW when enabled
PASS: Counter accumulates FTW when enabled
PASS: Counter accumulates FTW when enabled
PASS: Counter accumulates FTW when enabled
PASS: Counter holds when sample enable is low
PASS: Counter holds when sample enable is low
PASS: Counter holds when sample enable is low

TEST 2: Synchronous clear and priority
PASS: Asynchronous active-low reset
PASS: Counter remains zero after reset release
PASS: Clear has priority over accumulation
PASS: Accumulation resumes after clear

TEST 3: Natural modulo wrap-around
PASS: Asynchronous active-low reset
PASS: Counter remains zero after reset release
PASS: Counter wraps at configured width
PASS: Counter wraps at configured width
PASS: Counter wraps at configured width
PASS: Counter wraps at configured width
PASS: Counter wraps at configured width
PASS: Counter wraps at configured width

TEST 4: FTW range checking
PASS: FTW below minimum is rejected
PASS: Minimum FTW is accepted
PASS: FTW inside range is accepted
PASS: FTW below maximum is accepted
PASS: Maximum FTW is accepted
PASS: FTW above maximum is rejected

ALL TESTS PASSED
- ../01_tb/PHASE_ACCUMULATOR_TB.sv:173: Verilog $finish
